// Jest Snapshot v1, https://goo.gl/fbAQLP

exports[`matches snapshot 1`] = `
Array [
  <div
    className="App__home-region overlay d-flex flex-column justify-content-center align-items-center overlay"
  >
    <h2 />
  </div>,
  <ul
    className="App__grid-container App__country-list p-0"
  />,
]
`;
